// Jest Snapshot v1, https://goo.gl/fbAQLP

exports[`<Button> renders 1`] = `
<div
  className="container"
>
  <button
    className="button"
    onClick={[Function]}
    type="button"
  >
    Lorem
  </button>
</div>
`;
